<?php return array (
  0 => 'Symfony\\Bundle\\FrameworkBundle\\Controller\\AbstractController',
  1 => 'Symfony\\Bundle\\FrameworkBundle\\Controller\\Controller',
  2 => 'AppBundle\\Controller\\AbstractCartAware',
  3 => 'AppBundle\\Controller\\AbstractController',
  4 => 'AppBundle\\Controller\\AccountController',
  5 => 'AppBundle\\Controller\\CartController',
  6 => 'AppBundle\\Controller\\CheckoutController',
  7 => 'AppBundle\\Controller\\ContentController',
  8 => 'AppBundle\\Controller\\DefaultController',
  9 => 'AppBundle\\Controller\\EmailController',
  10 => 'AppBundle\\Controller\\HandlePaymentController',
  11 => 'AppBundle\\Controller\\PaymentController',
  12 => 'AppBundle\\Controller\\PaymentSeamlessController',
  13 => 'AppBundle\\Controller\\QuickCheckoutController',
  14 => 'AppBundle\\Controller\\ShopController',
  15 => 'AppBundle\\Controller\\Web2printController',
  16 => 'CoreShop\\Bundle\\ConfigurationBundle\\Controller\\ConfigurationController',
  17 => 'CoreShop\\Bundle\\CoreBundle\\Controller\\ConfigurationController',
  18 => 'CoreShop\\Bundle\\CoreBundle\\Controller\\CoreSaleCreationTrait',
  19 => 'CoreShop\\Bundle\\CoreBundle\\Controller\\OrderController',
  20 => 'CoreShop\\Bundle\\CoreBundle\\Controller\\OrderCreationController',
  21 => 'CoreShop\\Bundle\\CoreBundle\\Controller\\PaymentProviderController',
  22 => 'CoreShop\\Bundle\\CoreBundle\\Controller\\PortletsController',
  23 => 'CoreShop\\Bundle\\CoreBundle\\Controller\\QuoteCreationController',
  24 => 'CoreShop\\Bundle\\CoreBundle\\Controller\\ReportsController',
  25 => 'CoreShop\\Bundle\\CoreBundle\\Controller\\SettingsController',
  26 => 'CoreShop\\Bundle\\CurrencyBundle\\Controller\\ExchangeRateController',
  27 => 'CoreShop\\Bundle\\FrontendBundle\\Controller\\CartController',
  28 => 'CoreShop\\Bundle\\FrontendBundle\\Controller\\CategoryController',
  29 => 'CoreShop\\Bundle\\FrontendBundle\\Controller\\CheckoutController',
  30 => 'CoreShop\\Bundle\\FrontendBundle\\Controller\\CurrencyController',
  31 => 'CoreShop\\Bundle\\FrontendBundle\\Controller\\CustomerController',
  32 => 'CoreShop\\Bundle\\FrontendBundle\\Controller\\FrontendController',
  33 => 'CoreShop\\Bundle\\FrontendBundle\\Controller\\IndexController',
  34 => 'CoreShop\\Bundle\\FrontendBundle\\Controller\\MailController',
  35 => 'CoreShop\\Bundle\\FrontendBundle\\Controller\\OrderController',
  36 => 'CoreShop\\Bundle\\FrontendBundle\\Controller\\ProductController',
  37 => 'CoreShop\\Bundle\\FrontendBundle\\Controller\\QuoteController',
  38 => 'CoreShop\\Bundle\\FrontendBundle\\Controller\\RegisterController',
  39 => 'CoreShop\\Bundle\\FrontendBundle\\Controller\\SearchController',
  40 => 'CoreShop\\Bundle\\FrontendBundle\\Controller\\SecurityController',
  41 => 'CoreShop\\Bundle\\FrontendBundle\\Controller\\WishlistController',
  42 => 'CoreShop\\Bundle\\IndexBundle\\Controller\\FilterController',
  43 => 'CoreShop\\Bundle\\IndexBundle\\Controller\\IndexController',
  44 => 'CoreShop\\Bundle\\NotificationBundle\\Controller\\NotificationRuleController',
  45 => 'CoreShop\\Bundle\\OrderBundle\\Controller\\AbstractSaleController',
  46 => 'CoreShop\\Bundle\\OrderBundle\\Controller\\AbstractSaleCreationController',
  47 => 'CoreShop\\Bundle\\OrderBundle\\Controller\\AbstractSaleDetailController',
  48 => 'CoreShop\\Bundle\\OrderBundle\\Controller\\CartPriceRuleController',
  49 => 'CoreShop\\Bundle\\OrderBundle\\Controller\\OrderCommentController',
  50 => 'CoreShop\\Bundle\\OrderBundle\\Controller\\OrderController',
  51 => 'CoreShop\\Bundle\\OrderBundle\\Controller\\OrderCreationController',
  52 => 'CoreShop\\Bundle\\OrderBundle\\Controller\\OrderDocumentPrintController',
  53 => 'CoreShop\\Bundle\\OrderBundle\\Controller\\OrderInvoiceController',
  54 => 'CoreShop\\Bundle\\OrderBundle\\Controller\\OrderPaymentController',
  55 => 'CoreShop\\Bundle\\OrderBundle\\Controller\\OrderShipmentController',
  56 => 'CoreShop\\Bundle\\OrderBundle\\Controller\\QuoteController',
  57 => 'CoreShop\\Bundle\\OrderBundle\\Controller\\QuoteCreationController',
  58 => 'CoreShop\\Bundle\\PayumBundle\\Controller\\PaymentController',
  59 => 'CoreShop\\Bundle\\PimcoreBundle\\Controller\\Admin\\DynamicDropdownController',
  60 => 'CoreShop\\Bundle\\PimcoreBundle\\Controller\\Admin\\EmbeddedClassController',
  61 => 'CoreShop\\Bundle\\PimcoreBundle\\Controller\\Admin\\GridController',
  62 => 'CoreShop\\Bundle\\ProductBundle\\Controller\\ProductPriceRuleController',
  63 => 'CoreShop\\Bundle\\ResourceBundle\\Controller\\AdminController',
  64 => 'CoreShop\\Bundle\\ResourceBundle\\Controller\\EventDispatcher',
  65 => 'CoreShop\\Bundle\\ResourceBundle\\Controller\\EventDispatcherInterface',
  66 => 'CoreShop\\Bundle\\ResourceBundle\\Controller\\PimcoreController',
  67 => 'CoreShop\\Bundle\\ResourceBundle\\Controller\\ResourceController',
  68 => 'CoreShop\\Bundle\\ResourceBundle\\Controller\\ResourceFormFactory',
  69 => 'CoreShop\\Bundle\\ResourceBundle\\Controller\\ResourceFormFactoryInterface',
  70 => 'CoreShop\\Bundle\\ResourceBundle\\Controller\\ResourceSettingsController',
  71 => 'CoreShop\\Bundle\\ResourceBundle\\Controller\\ViewHandler',
  72 => 'CoreShop\\Bundle\\ResourceBundle\\Controller\\ViewHandlerInterface',
  73 => 'CoreShop\\Bundle\\ShippingBundle\\Controller\\ShippingRuleController',
  74 => 'CoreShop\\Bundle\\StoreBundle\\Controller\\StoreController',
  75 => 'CoreShop\\Bundle\\TaxationBundle\\Controller\\TaxRuleGroupController',
  76 => 'CustomerManagementFrameworkBundle\\Controller\\Admin',
  77 => 'CustomerManagementFrameworkBundle\\Controller\\Admin\\ActivitiesController',
  78 => 'CustomerManagementFrameworkBundle\\Controller\\Admin\\CustomersController',
  79 => 'CustomerManagementFrameworkBundle\\Controller\\Admin\\Customers\\FilterDefinitionController',
  80 => 'CustomerManagementFrameworkBundle\\Controller\\Admin\\DuplicatesController',
  81 => 'CustomerManagementFrameworkBundle\\Controller\\Admin\\GDPRDataController',
  82 => 'CustomerManagementFrameworkBundle\\Controller\\Admin\\HelperController',
  83 => 'CustomerManagementFrameworkBundle\\Controller\\Admin\\RulesController',
  84 => 'CustomerManagementFrameworkBundle\\Controller\\Admin\\SegmentAssignmentController',
  85 => 'CustomerManagementFrameworkBundle\\Controller\\Admin\\TemplatesController',
  86 => 'CustomerManagementFrameworkBundle\\Controller\\Preview\\ObjectPreviewController',
  87 => 'CustomerManagementFrameworkBundle\\Controller\\Report\\TermSegmentBuilderController',
  88 => 'CustomerManagementFrameworkBundle\\Controller\\Rest\\Api\\ActivitiesController',
  89 => 'CustomerManagementFrameworkBundle\\Controller\\Rest\\Api\\CustomersController',
  90 => 'CustomerManagementFrameworkBundle\\Controller\\Rest\\Api\\DeletionsController',
  91 => 'CustomerManagementFrameworkBundle\\Controller\\Rest\\Api\\SegmentGroupsController',
  92 => 'CustomerManagementFrameworkBundle\\Controller\\Rest\\Api\\SegmentsController',
  93 => 'CustomerManagementFrameworkBundle\\Controller\\Rest\\Api\\SegmentsOfCustomersController',
  94 => 'CustomerManagementFrameworkBundle\\Controller\\Rest\\CrudHandlerController',
  95 => 'CustomerManagementFrameworkBundle\\Controller\\Rest\\Mailchimp\\WebhookController',
  96 => 'CustomerManagementFrameworkBundle\\Controller\\Rest\\Newsletter\\AdminController',
  97 => 'CustomerManagementFrameworkBundle\\Controller\\Rest\\RestHandlerController',
  98 => 'Doctrine\\Bundle\\DoctrineBundle\\Controller\\ProfilerController',
  99 => 'Doctrine\\ORM\\Cache\\Persister\\Entity\\AbstractEntityPersister',
  100 => 'Doctrine\\ORM\\Cache\\Persister\\Entity\\CachedEntityPersister',
  101 => 'Doctrine\\ORM\\Cache\\Persister\\Entity\\NonStrictReadWriteCachedEntityPersister',
  102 => 'Doctrine\\ORM\\Cache\\Persister\\Entity\\ReadOnlyCachedEntityPersister',
  103 => 'Doctrine\\ORM\\Cache\\Persister\\Entity\\ReadWriteCachedEntityPersister',
  104 => 'Doctrine\\ORM\\Persisters\\Entity\\AbstractEntityInheritancePersister',
  105 => 'Doctrine\\ORM\\Persisters\\Entity\\BasicEntityPersister',
  106 => 'Doctrine\\ORM\\Persisters\\Entity\\CachedPersisterContext',
  107 => 'Doctrine\\ORM\\Persisters\\Entity\\EntityPersister',
  108 => 'Doctrine\\ORM\\Persisters\\Entity\\JoinedSubclassPersister',
  109 => 'Doctrine\\ORM\\Persisters\\Entity\\SingleTablePersister',
  110 => 'Gedmo\\Loggable\\Entity\\LogEntry',
  111 => 'Gedmo\\Loggable\\Entity\\MappedSuperclass\\AbstractLogEntry',
  112 => 'Gedmo\\Loggable\\Entity\\Repository\\LogEntryRepository',
  113 => 'Gedmo\\Sortable\\Entity\\Repository\\SortableRepository',
  114 => 'Gedmo\\Translatable\\Entity\\MappedSuperclass\\AbstractPersonalTranslation',
  115 => 'Gedmo\\Translatable\\Entity\\MappedSuperclass\\AbstractTranslation',
  116 => 'Gedmo\\Translatable\\Entity\\Repository\\TranslationRepository',
  117 => 'Gedmo\\Translatable\\Entity\\Translation',
  118 => 'Gedmo\\Translator\\Entity\\Translation',
  119 => 'Gedmo\\Tree\\Entity\\MappedSuperclass\\AbstractClosure',
  120 => 'Gedmo\\Tree\\Entity\\Repository\\AbstractTreeRepository',
  121 => 'Gedmo\\Tree\\Entity\\Repository\\ClosureTreeRepository',
  122 => 'Gedmo\\Tree\\Entity\\Repository\\MaterializedPathRepository',
  123 => 'Gedmo\\Tree\\Entity\\Repository\\NestedTreeRepository',
  124 => 'Gesdinet\\JWTRefreshTokenBundle\\Entity\\AbstractRefreshToken',
  125 => 'Gesdinet\\JWTRefreshTokenBundle\\Entity\\RefreshToken',
  126 => 'Gesdinet\\JWTRefreshTokenBundle\\Entity\\RefreshTokenRepository',
  127 => 'HWI\\Bundle\\OAuthBundle\\Controller\\ConnectController',
  128 => 'Liip\\ThemeBundle\\Controller\\ThemeController',
  129 => 'OutputDataConfigToolkitBundle\\Controller\\AdminController',
  130 => 'OutputDataConfigToolkitBundle\\Controller\\RestController',
  131 => 'Payum\\Bundle\\PayumBundle\\Controller\\AuthorizeController',
  132 => 'Payum\\Bundle\\PayumBundle\\Controller\\CancelController',
  133 => 'Payum\\Bundle\\PayumBundle\\Controller\\CaptureController',
  134 => 'Payum\\Bundle\\PayumBundle\\Controller\\NotifyController',
  135 => 'Payum\\Bundle\\PayumBundle\\Controller\\PayoutController',
  136 => 'Payum\\Bundle\\PayumBundle\\Controller\\PayumController',
  137 => 'Payum\\Bundle\\PayumBundle\\Controller\\RefundController',
  138 => 'Payum\\Bundle\\PayumBundle\\Controller\\SyncController',
  139 => 'Pimcore\\Bundle\\AdminBundle\\Controller\\AdminController',
  140 => 'Pimcore\\Bundle\\AdminBundle\\Controller\\AdminControllerInterface',
  141 => 'Pimcore\\Bundle\\AdminBundle\\Controller\\Admin\\AssetController',
  142 => 'Pimcore\\Bundle\\AdminBundle\\Controller\\Admin\\DataObject\\ClassController',
  143 => 'Pimcore\\Bundle\\AdminBundle\\Controller\\Admin\\DataObject\\ClassificationstoreController',
  144 => 'Pimcore\\Bundle\\AdminBundle\\Controller\\Admin\\DataObject\\DataObjectController',
  145 => 'Pimcore\\Bundle\\AdminBundle\\Controller\\Admin\\DataObject\\DataObjectHelperController',
  146 => 'Pimcore\\Bundle\\AdminBundle\\Controller\\Admin\\DataObject\\QuantityValueController',
  147 => 'Pimcore\\Bundle\\AdminBundle\\Controller\\Admin\\DataObject\\VariantsController',
  148 => 'Pimcore\\Bundle\\AdminBundle\\Controller\\Admin\\Document\\DocumentController',
  149 => 'Pimcore\\Bundle\\AdminBundle\\Controller\\Admin\\Document\\DocumentControllerBase',
  150 => 'Pimcore\\Bundle\\AdminBundle\\Controller\\Admin\\Document\\EmailController',
  151 => 'Pimcore\\Bundle\\AdminBundle\\Controller\\Admin\\Document\\FolderController',
  152 => 'Pimcore\\Bundle\\AdminBundle\\Controller\\Admin\\Document\\HardlinkController',
  153 => 'Pimcore\\Bundle\\AdminBundle\\Controller\\Admin\\Document\\LinkController',
  154 => 'Pimcore\\Bundle\\AdminBundle\\Controller\\Admin\\Document\\NewsletterController',
  155 => 'Pimcore\\Bundle\\AdminBundle\\Controller\\Admin\\Document\\PageController',
  156 => 'Pimcore\\Bundle\\AdminBundle\\Controller\\Admin\\Document\\PrintcontainerController',
  157 => 'Pimcore\\Bundle\\AdminBundle\\Controller\\Admin\\Document\\PrintpageController',
  158 => 'Pimcore\\Bundle\\AdminBundle\\Controller\\Admin\\Document\\PrintpageControllerBase',
  159 => 'Pimcore\\Bundle\\AdminBundle\\Controller\\Admin\\Document\\RenderletController',
  160 => 'Pimcore\\Bundle\\AdminBundle\\Controller\\Admin\\Document\\SnippetController',
  161 => 'Pimcore\\Bundle\\AdminBundle\\Controller\\Admin\\ElementController',
  162 => 'Pimcore\\Bundle\\AdminBundle\\Controller\\Admin\\ElementControllerBase',
  163 => 'Pimcore\\Bundle\\AdminBundle\\Controller\\Admin\\EmailController',
  164 => 'Pimcore\\Bundle\\AdminBundle\\Controller\\Admin\\External\\AdminerController',
  165 => 'Pimcore\\Bundle\\AdminBundle\\Controller\\Admin\\External\\LinfoController',
  166 => 'Pimcore\\Bundle\\AdminBundle\\Controller\\Admin\\External\\OpcacheController',
  167 => 'Pimcore\\Bundle\\AdminBundle\\Controller\\Admin\\IndexController',
  168 => 'Pimcore\\Bundle\\AdminBundle\\Controller\\Admin\\InstallController',
  169 => 'Pimcore\\Bundle\\AdminBundle\\Controller\\Admin\\LogController',
  170 => 'Pimcore\\Bundle\\AdminBundle\\Controller\\Admin\\LoginController',
  171 => 'Pimcore\\Bundle\\AdminBundle\\Controller\\Admin\\MiscController',
  172 => 'Pimcore\\Bundle\\AdminBundle\\Controller\\Admin\\NotificationController',
  173 => 'Pimcore\\Bundle\\AdminBundle\\Controller\\Admin\\PortalController',
  174 => 'Pimcore\\Bundle\\AdminBundle\\Controller\\Admin\\RecyclebinController',
  175 => 'Pimcore\\Bundle\\AdminBundle\\Controller\\Admin\\RedirectsController',
  176 => 'Pimcore\\Bundle\\AdminBundle\\Controller\\Admin\\SettingsController',
  177 => 'Pimcore\\Bundle\\AdminBundle\\Controller\\Admin\\TagsController',
  178 => 'Pimcore\\Bundle\\AdminBundle\\Controller\\Admin\\TargetingController',
  179 => 'Pimcore\\Bundle\\AdminBundle\\Controller\\Admin\\TranslationController',
  180 => 'Pimcore\\Bundle\\AdminBundle\\Controller\\Admin\\UserController',
  181 => 'Pimcore\\Bundle\\AdminBundle\\Controller\\Admin\\WorkflowController',
  182 => 'Pimcore\\Bundle\\AdminBundle\\Controller\\BruteforceProtectedControllerInterface',
  183 => 'Pimcore\\Bundle\\AdminBundle\\Controller\\DoubleAuthenticationControllerInterface',
  184 => 'Pimcore\\Bundle\\AdminBundle\\Controller\\ExtensionManager\\ExtensionManagerController',
  185 => 'Pimcore\\Bundle\\AdminBundle\\Controller\\GDPR\\AdminController',
  186 => 'Pimcore\\Bundle\\AdminBundle\\Controller\\GDPR\\AssetController',
  187 => 'Pimcore\\Bundle\\AdminBundle\\Controller\\GDPR\\DataObjectController',
  188 => 'Pimcore\\Bundle\\AdminBundle\\Controller\\GDPR\\PimcoreUsersController',
  189 => 'Pimcore\\Bundle\\AdminBundle\\Controller\\GDPR\\SentMailController',
  190 => 'Pimcore\\Bundle\\AdminBundle\\Controller\\Reports\\AnalyticsController',
  191 => 'Pimcore\\Bundle\\AdminBundle\\Controller\\Reports\\CustomReportController',
  192 => 'Pimcore\\Bundle\\AdminBundle\\Controller\\Reports\\PiwikController',
  193 => 'Pimcore\\Bundle\\AdminBundle\\Controller\\Reports\\QrcodeController',
  194 => 'Pimcore\\Bundle\\AdminBundle\\Controller\\Reports\\ReportsControllerBase',
  195 => 'Pimcore\\Bundle\\AdminBundle\\Controller\\Reports\\SettingsController',
  196 => 'Pimcore\\Bundle\\AdminBundle\\Controller\\Rest\\AbstractRestController',
  197 => 'Pimcore\\Bundle\\AdminBundle\\Controller\\Rest\\ClassController',
  198 => 'Pimcore\\Bundle\\AdminBundle\\Controller\\Rest\\Element\\AbstractElementController',
  199 => 'Pimcore\\Bundle\\AdminBundle\\Controller\\Rest\\Element\\AssetController',
  200 => 'Pimcore\\Bundle\\AdminBundle\\Controller\\Rest\\Element\\DataObjectController',
  201 => 'Pimcore\\Bundle\\AdminBundle\\Controller\\Rest\\Element\\DocumentController',
  202 => 'Pimcore\\Bundle\\AdminBundle\\Controller\\Rest\\Element\\TagController',
  203 => 'Pimcore\\Bundle\\AdminBundle\\Controller\\Rest\\Helper',
  204 => 'Pimcore\\Bundle\\AdminBundle\\Controller\\Rest\\ImageController',
  205 => 'Pimcore\\Bundle\\AdminBundle\\Controller\\Rest\\InfoController',
  206 => 'Pimcore\\Bundle\\AdminBundle\\Controller\\Searchadmin\\SearchController',
  207 => 'Pimcore\\Bundle\\CoreBundle\\Controller\\PublicServicesController',
  208 => 'Pimcore\\Bundle\\EcommerceFrameworkBundle\\Controller\\AdminOrderController',
  209 => 'Pimcore\\Bundle\\EcommerceFrameworkBundle\\Controller\\ConfigController',
  210 => 'Pimcore\\Bundle\\EcommerceFrameworkBundle\\Controller\\FindologicController',
  211 => 'Pimcore\\Bundle\\EcommerceFrameworkBundle\\Controller\\IndexController',
  212 => 'Pimcore\\Bundle\\EcommerceFrameworkBundle\\Controller\\PricingController',
  213 => 'Pimcore\\Bundle\\EcommerceFrameworkBundle\\Controller\\Reports\\PiwikController',
  214 => 'Pimcore\\Bundle\\EcommerceFrameworkBundle\\Controller\\VoucherController',
  215 => 'Pimcore\\Bundle\\ObjectMergerBundle\\Controller\\AdminController',
  216 => 'Pimcore\\Controller\\ArgumentValueResolver\\DocumentValueResolver',
  217 => 'Pimcore\\Controller\\ArgumentValueResolver\\EditmodeValueResolver',
  218 => 'Pimcore\\Controller\\ArgumentValueResolver\\TemplateVarsValueResolver',
  219 => 'Pimcore\\Controller\\ArgumentValueResolver\\ViewModelValueResolver',
  220 => 'Pimcore\\Controller\\ArgumentValueResolver\\WebsiteConfigValueResolver',
  221 => 'Pimcore\\Controller\\Config\\ConfigNormalizer',
  222 => 'Pimcore\\Controller\\Config\\ControllerDataProvider',
  223 => 'Pimcore\\Controller\\Configuration\\ResponseHeader',
  224 => 'Pimcore\\Controller\\Configuration\\TemplatePhp',
  225 => 'Pimcore\\Controller\\Controller',
  226 => 'Pimcore\\Controller\\EventedControllerInterface',
  227 => 'Pimcore\\Controller\\FrontendController',
  228 => 'Pimcore\\Controller\\TemplateControllerInterface',
  229 => 'Pimcore\\Controller\\Traits\\TemplateControllerTrait',
  230 => 'Presta\\SitemapBundle\\Controller\\SitemapController',
  231 => 'Scheb\\TwoFactorBundle\\Controller\\FormController',
  234 => 'Symfony\\Bundle\\FrameworkBundle\\Controller\\ControllerNameParser',
  235 => 'Symfony\\Bundle\\FrameworkBundle\\Controller\\ControllerResolver',
  236 => 'Symfony\\Bundle\\FrameworkBundle\\Controller\\ControllerTrait',
  237 => 'Symfony\\Bundle\\FrameworkBundle\\Controller\\RedirectController',
  238 => 'Symfony\\Bundle\\FrameworkBundle\\Controller\\TemplateController',
  239 => 'Symfony\\Bundle\\TwigBundle\\Controller\\ExceptionController',
  240 => 'Symfony\\Bundle\\TwigBundle\\Controller\\PreviewErrorController',
  241 => 'Symfony\\Bundle\\WebProfilerBundle\\Controller\\ExceptionController',
  242 => 'Symfony\\Bundle\\WebProfilerBundle\\Controller\\ProfilerController',
  243 => 'Symfony\\Bundle\\WebProfilerBundle\\Controller\\RouterController',
  244 => 'Symfony\\Cmf\\Bundle\\RoutingBundle\\Controller\\RedirectController',
  245 => 'Symfony\\Component\\HttpKernel\\Controller\\ArgumentResolver',
  246 => 'Symfony\\Component\\HttpKernel\\Controller\\ArgumentResolverInterface',
  247 => 'Symfony\\Component\\HttpKernel\\Controller\\ArgumentResolver\\DefaultValueResolver',
  248 => 'Symfony\\Component\\HttpKernel\\Controller\\ArgumentResolver\\RequestAttributeValueResolver',
  249 => 'Symfony\\Component\\HttpKernel\\Controller\\ArgumentResolver\\RequestValueResolver',
  250 => 'Symfony\\Component\\HttpKernel\\Controller\\ArgumentResolver\\ServiceValueResolver',
  251 => 'Symfony\\Component\\HttpKernel\\Controller\\ArgumentResolver\\SessionValueResolver',
  252 => 'Symfony\\Component\\HttpKernel\\Controller\\ArgumentResolver\\VariadicValueResolver',
  253 => 'Symfony\\Component\\HttpKernel\\Controller\\ArgumentValueResolverInterface',
  254 => 'Symfony\\Component\\HttpKernel\\Controller\\ContainerControllerResolver',
  255 => 'Symfony\\Component\\HttpKernel\\Controller\\ControllerReference',
  256 => 'Symfony\\Component\\HttpKernel\\Controller\\ControllerResolver',
  257 => 'Symfony\\Component\\HttpKernel\\Controller\\ControllerResolverInterface',
  258 => 'Symfony\\Component\\HttpKernel\\Controller\\TraceableArgumentResolver',
  259 => 'Symfony\\Component\\HttpKernel\\Controller\\TraceableControllerResolver',
  260 => 'Web2PrintToolsBundle\\Controller\\AdminController',
);